2026-08-20 22:02:20 DEBUG:urllib3.connectionpool:http://supervisor:80 "GET /addons/self/info HTTP/1.1" 200 22927
2026-08-20 22:02:20 INFO:astrameter:Resolved add-on slug for HA discovery: 3d34e6ac_b2500_meter
2026-08-20 22:02:20 INFO:astrameter:Waiting for Home Assistant to be ready...
2026-08-20 22:02:20 DEBUG:urllib3.connectionpool:Starting new HTTP connection (1): supervisor:80
2026-08-20 22:02:20 DEBUG:urllib3.connectionpool:http://supervisor:80 "GET /core/api/ HTTP/1.1" 200 26
2026-08-20 22:02:20 INFO:astrameter:Home Assistant is ready! Proceeding with AstraMeter startup...
2026-08-20 22:02:20 INFO:astrameter:Effective configuration: GeneralSettings(device_types=['shellypro3em_neu'], device_ids=[], skip_powermeter_test=False, dedupe_time_window=0.0, enable_web_server=True, web_config_enabled=None, web_server_port=52500, dashboard=True, dashboard_allow_write=True, dashboard_direct_access=False, dashboard_allowed_hosts='', signal=SignalSettings(offsets=None, multipliers=None, throttle_interval=0.0, wait_for_next_message=True, hampel_window=0, hampel_n_sigma=3.0, hampel_min_threshold=0.0, smooth_alpha=0.0, max_smooth_step=0.0, deadband=0.0, pid_kp=0.0, pid_ki=0.0, pid_kd=0.0, pid_output_max=800.0, pid_mode='bias'))
2026-08-20 22:02:20 DEBUG:urllib3.connectionpool:Starting new HTTP connection (1): supervisor:80
2026-08-20 22:02:20 DEBUG:urllib3.connectionpool:http://supervisor:80 "GET /addons/self/info HTTP/1.1" 200 22927
2026-08-20 22:02:20 INFO:astrameter:Resolved add-on slug for HA discovery: 3d34e6ac_b2500_meter
2026-08-20 22:02:20 DEBUG:asyncio:Using selector: EpollSelector
2026-08-20 22:02:20 INFO:astrameter:Starting web server...
2026-08-20 22:02:20 INFO:astrameter:Web server started on 0.0.0.0:52500
2026-08-20 22:02:20 INFO:astrameter:Dashboard enabled (config mode: ha_simple)
2026-08-20 22:02:20 INFO:astrameter:Device Types: ['shellypro3em_neu']
2026-08-20 22:02:20 INFO:astrameter:Device IDs: ['device-1']
2026-08-20 22:02:20 INFO:astrameter:Skip Test: False
2026-08-20 22:02:20 DEBUG:astrameter:Testing powermeter configuration... (attempt 1/4)
2026-08-20 22:02:20 INFO:astrameter:Home Assistant WebSocket connected to supervisor
2026-08-20 22:02:20 DEBUG:astrameter:Home Assistant: auth required, sending token
2026-08-20 22:02:20 INFO:astrameter:Home Assistant: authenticated
2026-08-20 22:02:20 DEBUG:astrameter:Home Assistant: update_entity_value: sensor.e3dc_leistung_batterie_laden, 0
2026-08-20 22:02:20 DEBUG:astrameter:Home Assistant: update_entity_value: sensor.e3dc_leistung_batterie_entladen, 702
2026-08-20 22:02:20 INFO:astrameter:Successfully fetched HomeAssistant powermeter value (filter 0.0.0.0/0): 702.0W
2026-08-20 22:02:20 INFO:astrameter:Using Home Assistant's internal MQTT broker
2026-08-20 22:02:20 INFO:astrameter:MQTT Insights service started
2026-08-20 22:02:20 DEBUG:astrameter:Starting device: shellypro3em_neu
2026-08-20 22:02:20 INFO:astrameter:MQTT Insights service stopped
2026-08-20 22:02:20 INFO:astrameter:Stopping web server...
2026-08-20 22:02:20 INFO:astrameter:Web server stopped
Traceback (most recent call last):
  File "/app/.venv/bin/astrameter", line 10, in <module>
    sys.exit(main())
             ^^^^^^
  File "/app/.venv/lib/python3.12/site-packages/astrameter/main.py", line 907, in main
    asyncio.run(_supervise(config, general, args, registry))
  File "/usr/lib/python3.12/asyncio/runners.py", line 195, in run
    return runner.run(main)
           ^^^^^^^^^^^^^^^^
  File "/usr/lib/python3.12/asyncio/runners.py", line 118, in run
    return self._loop.run_until_complete(task)
           ^^^^^^^^^^^^^^^^^^^^^^^^^^^^^^^^^^^
  File "/usr/lib/python3.12/asyncio/base_events.py", line 691, in run_until_complete
    return future.result()
           ^^^^^^^^^^^^^^^
  File "/app/.venv/lib/python3.12/site-packages/astrameter/main.py", line 996, in _supervise
    await cycle
  File "/app/.venv/lib/python3.12/site-packages/astrameter/main.py", line 622, in async_main
    await asyncio.gather(
  File "/app/.venv/lib/python3.12/site-packages/astrameter/main.py", line 355, in run_device
    raise ValueError(f"Unsupported device type: {device_type}")
ValueError: Unsupported device type: shellypro3em_neu
s6-rc: info: service legacy-services: stopping
s6-rc: info: service legacy-services successfully stopped
s6-rc: info: service legacy-cont-init: stopping
s6-rc: info: service legacy-cont-init successfully stopped
s6-rc: info: service fix-attrs: stopping
s6-rc: info: service base-addon-log-level: stopping
s6-rc: info: service fix-attrs successfully stopped
s6-rc: info: service base-addon-log-level successfully stopped
s6-rc: info: service base-addon-banner: stopping
s6-rc: info: service base-addon-banner successfully stopped
s6-rc: info: service s6rc-oneshot-runner: stopping
s6-rc: info: service s6rc-oneshot-runner successfully stopped
s6-rc: info: service s6rc-oneshot-runner: starting
s6-rc: info: service s6rc-oneshot-runner successfully started
s6-rc: info: service base-addon-banner: starting

[34m-----------------------------------------------------------[0m
[34m Add-on: AstraMeter[0m
[34m "Replicates a Smart Meter device for Marstek energy storage systems (formerly B2500 Meter) while allowing integration with various smart meters."[0m
[34m-----------------------------------------------------------[0m
[34m Add-on version: 0.1.2[0m
[32m You are running the latest version of this add-on.[0m
[34m System: Home Assistant OS 15.2  (amd64 / qemux86-64)[0m
[34m Home Assistant Core: 2026.8.2[0m
[34m Home Assistant Supervisor: 2026.07.5[0m
[34m-----------------------------------------------------------[0m
[34m Please, share the above information when looking for help[0m
[34m or support in, e.g., GitHub, forums or the Discord chat.[0m
[34m-----------------------------------------------------------[0m
s6-rc: info: service base-addon-banner successfully started
s6-rc: info: service fix-attrs: starting
s6-rc: info: service base-addon-log-level: starting
s6-rc: info: service fix-attrs successfully started
[34mLog level is set to DEBUG[0m
s6-rc: info: service base-addon-log-level successfully started
s6-rc: info: service legacy-cont-init: starting
s6-rc: info: service legacy-cont-init successfully started
s6-rc: info: service legacy-services: starting
s6-rc: info: service legacy-services successfully started
2026-08-20 22:02:57 INFO:astrameter:started astrameter application
2026-08-20 22:02:57 INFO:astrameter:Git commit: 665a7f7bfa1d8a925b263e6f99ccb744443fe8ef
2026-08-20 22:02:57 DEBUG:urllib3.connectionpool:Starting new HTTP connection (1): supervisor:80
2026-08-20 22:02:57 DEBUG:urllib3.connectionpool:http://supervisor:80 "GET /services/mqtt HTTP/1.1" 200 214
2026-08-20 22:02:57 DEBUG:urllib3.connectionpool:Starting new HTTP connection (1): supervisor:80
2026-08-20 22:02:57 DEBUG:urllib3.connectionpool:http://supervisor:80 "GET /addons/self/info HTTP/1.1" 200 22927
2026-08-20 22:02:57 INFO:astrameter:Resolved add-on slug for HA discovery: 3d34e6ac_b2500_meter
2026-08-20 22:02:57 INFO:astrameter:Waiting for Home Assistant to be ready...
2026-08-20 22:02:57 DEBUG:urllib3.connectionpool:Starting new HTTP connection (1): supervisor:80
2026-08-20 22:02:57 DEBUG:urllib3.connectionpool:http://supervisor:80 "GET /core/api/ HTTP/1.1" 200 26
2026-08-20 22:02:57 INFO:astrameter:Home Assistant is ready! Proceeding with AstraMeter startup...
2026-08-20 22:02:57 INFO:astrameter:Effective configuration: GeneralSettings(device_types=['shellypro3em_neu'], device_ids=[], skip_powermeter_test=False, dedupe_time_window=0.0, enable_web_server=True, web_config_enabled=None, web_server_port=52500, dashboard=True, dashboard_allow_write=True, dashboard_direct_access=False, dashboard_allowed_hosts='', signal=SignalSettings(offsets=None, multipliers=None, throttle_interval=0.0, wait_for_next_message=True, hampel_window=0, hampel_n_sigma=3.0, hampel_min_threshold=0.0, smooth_alpha=0.0, max_smooth_step=0.0, deadband=0.0, pid_kp=0.0, pid_ki=0.0, pid_kd=0.0, pid_output_max=800.0, pid_mode='bias'))
2026-08-20 22:02:57 DEBUG:urllib3.connectionpool:Starting new HTTP connection (1): supervisor:80
2026-08-20 22:02:57 DEBUG:urllib3.connectionpool:http://supervisor:80 "GET /addons/self/info HTTP/1.1" 200 22927
2026-08-20 22:02:57 INFO:astrameter:Resolved add-on slug for HA discovery: 3d34e6ac_b2500_meter
2026-08-20 22:02:57 DEBUG:asyncio:Using selector: EpollSelector
2026-08-20 22:02:57 INFO:astrameter:Starting web server...
2026-08-20 22:02:57 INFO:astrameter:Web server started on 0.0.0.0:52500
2026-08-20 22:02:57 INFO:astrameter:Dashboard enabled (config mode: ha_simple)
2026-08-20 22:02:57 INFO:astrameter:Device Types: ['shellypro3em_neu']
2026-08-20 22:02:57 INFO:astrameter:Device IDs: ['device-1']
2026-08-20 22:02:57 INFO:astrameter:Skip Test: False
2026-08-20 22:02:57 DEBUG:astrameter:Testing powermeter configuration... (attempt 1/4)
2026-08-20 22:02:57 INFO:astrameter:Home Assistant WebSocket connected to supervisor
2026-08-20 22:02:57 DEBUG:astrameter:Home Assistant: auth required, sending token
2026-08-20 22:02:57 INFO:astrameter:Home Assistant: authenticated
2026-08-20 22:02:57 DEBUG:astrameter:Home Assistant: update_entity_value: sensor.e3dc_leistung_batterie_laden, 0
2026-08-20 22:02:57 DEBUG:astrameter:Home Assistant: update_entity_value: sensor.e3dc_leistung_batterie_entladen, 654
2026-08-20 22:02:57 INFO:astrameter:Successfully fetched HomeAssistant powermeter value (filter 0.0.0.0/0): 654.0W
2026-08-20 22:02:57 INFO:astrameter:Using Home Assistant's internal MQTT broker
2026-08-20 22:02:57 INFO:astrameter:MQTT Insights service started
2026-08-20 22:02:57 DEBUG:astrameter:Starting device: shellypro3em_neu
2026-08-20 22:02:57 DEBUG:astrameter:Home Assistant: update_entity_value: sensor.e3dc_leistung_batterie_entladen, 654
2026-08-20 22:02:57 INFO:astrameter:MQTT Insights service stopped
2026-08-20 22:02:57 INFO:astrameter:Stopping web server...
2026-08-20 22:02:57 INFO:astrameter:Web server stopped
Traceback (most recent call last):
  File "/app/.venv/bin/astrameter", line 10, in <module>
    sys.exit(main())
             ^^^^^^
  File "/app/.venv/lib/python3.12/site-packages/astrameter/main.py", line 907, in main
    asyncio.run(_supervise(config, general, args, registry))
  File "/usr/lib/python3.12/asyncio/runners.py", line 195, in run
    return runner.run(main)
           ^^^^^^^^^^^^^^^^
  File "/usr/lib/python3.12/asyncio/runners.py", line 118, in run
    return self._loop.run_until_complete(task)
           ^^^^^^^^^^^^^^^^^^^^^^^^^^^^^^^^^^^
  File "/usr/lib/python3.12/asyncio/base_events.py", line 691, in run_until_complete
    return future.result()
           ^^^^^^^^^^^^^^^
  File "/app/.venv/lib/python3.12/site-packages/astrameter/main.py", line 996, in _supervise
    await cycle
  File "/app/.venv/lib/python3.12/site-packages/astrameter/main.py", line 622, in async_main
    await asyncio.gather(
  File "/app/.venv/lib/python3.12/site-packages/astrameter/main.py", line 355, in run_device
    raise ValueError(f"Unsupported device type: {device_type}")
ValueError: Unsupported device type: shellypro3em_neu
s6-rc: info: service legacy-services: stopping
s6-rc: info: service legacy-services successfully stopped
s6-rc: info: service legacy-cont-init: stopping
s6-rc: info: service legacy-cont-init successfully stopped
s6-rc: info: service fix-attrs: stopping
s6-rc: info: service base-addon-log-level: stopping
s6-rc: info: service base-addon-log-level successfully stopped
s6-rc: info: service fix-attrs successfully stopped
s6-rc: info: service base-addon-banner: stopping
s6-rc: info: service base-addon-banner successfully stopped
s6-rc: info: service s6rc-oneshot-runner: stopping
s6-rc: info: service s6rc-oneshot-runner successfully stopped
